1248130, Devin, Upham, 1990-08-16, Physics, 3.17
Without index: 1 accesses
With index: 3 accesses

2247913, Carita, Palencia, 1988-06-14, Physics, 3.24
Without index: 2 accesses
With index: 3 accesses

2248642, Aaron, Rigo, 1992-06-23, Physics, 3.49
Without index: 5 accesses
With index: 3 accesses

9328811, Hannah, Casey, 1998-11-19, Physics, 2.61
Without index: 15 accesses
With index: 3 accesses
